// Jest Snapshot v1, https://goo.gl/fbAQLP

exports[`Buttons Component Render Buttons Snapshot test renders correctly 1`] = `ReactWrapper {}`;
