// Jest Snapshot v1, https://goo.gl/fbAQLP

exports[`Survey Component Should Render without errors renders correctly 1`] = `undefined`;
